To honour the JVM settings for this build a single-use Daemon process will be forked. For more on this, please refer to https://docs.gradle.org/8.7/userguide/gradle_daemon.html#sec:disabling_the_daemon in the Gradle documentation.
Daemon will be stopped at the end of the build 
> Task :app:buildKotlinToolingMetadata
> Task :app:checkKotlinGradlePluginConfigurationErrors
> Task :app:preBuild UP-TO-DATE
> Task :app:preReleaseBuild UP-TO-DATE
> Task :app:generateReleaseResValues
> Task :app:checkReleaseAarMetadata
> Task :app:mapReleaseSourceSetPaths
> Task :app:generateReleaseResources
> Task :app:packageReleaseResources
> Task :app:createReleaseCompatibleScreenManifests
> Task :app:extractDeepLinksRelease
> Task :app:parseReleaseLocalResources
> Task :app:mergeReleaseResources
> Task :app:processReleaseMainManifest
> Task :app:processReleaseManifest
> Task :app:javaPreCompileRelease
> Task :app:extractProguardFiles
> Task :app:mergeReleaseJniLibFolders
> Task :app:processReleaseManifestForPackage
> Task :app:checkReleaseDuplicateClasses
> Task :app:mergeReleaseNativeLibs
> Task :app:mergeReleaseArtProfile
> Task :app:mergeReleaseStartupProfile
> Task :app:mergeReleaseShaders
> Task :app:compileReleaseShaders NO-SOURCE
> Task :app:generateReleaseAssets UP-TO-DATE
> Task :app:processReleaseResources

> Task :app:stripReleaseDebugSymbols
Unable to strip the following libraries, packaging them as they are: libonnxruntime.so, libonnxruntime4j_jni.so.

> Task :app:mergeReleaseAssets
> Task :app:extractReleaseNativeSymbolTables
> Task :app:mergeReleaseNativeDebugMetadata NO-SOURCE
> Task :app:extractReleaseVersionControlInfo
> Task :app:collectReleaseDependencies
> Task :app:sdkReleaseDependencyData
> Task :app:validateSigningRelease
> Task :app:writeReleaseAppMetadata
> Task :app:writeReleaseSigningConfigVersions
> Task :app:optimizeReleaseResources
> Task :app:compressReleaseAssets
> Task :app:compileReleaseKotlin
> Task :app:compileReleaseJavaWithJavac NO-SOURCE
> Task :app:generateReleaseLintVitalReportModel
> Task :app:expandReleaseArtProfileWildcards
> Task :app:mergeReleaseGeneratedProguardFiles
> Task :app:processReleaseJavaRes
> Task :app:mergeReleaseJavaResource
> Task :app:minifyReleaseWithR8
> Task :app:compileReleaseArtProfile
> Task :app:packageRelease
> Task :app:createReleaseApkListingFileRedirect
> Task :app:lintVitalAnalyzeRelease
> Task :app:lintVitalReportRelease
> Task :app:lintVitalRelease
> Task :app:assembleRelease
gradle/actions: Writing build results to /home/runner/work/_temp/.gradle-actions/build-results/__run_3-1791216563040.json

BUILD SUCCESSFUL in 53s
47 actionable tasks: 47 executed
